---
source: crates/noseyparker-cli/tests/scan/basic/mod.rs
expression: json_output
---
[
  {
    "comment": null,
    "match_content": "ghp_XIxB7KMNdAr3zqWtQqhE94qglHqOzn1D1stg",
    "matches": [
      {
        "blob_id": "bef17e1f92978931020b423cfcfb6f1e7381d559",
        "blob_metadata": {
          "charset": null,
          "id": "bef17e1f92978931020b423cfcfb6f1e7381d559",
          "mime_essence": "text/plain",
          "num_bytes": 104
        },
        "capture_group_index": 1,
        "location": {
          "offset_span": {
            "end": 103,
            "start": 63
          },
          "source_span": {
            "end": {
              "column": 51,
              "line": 3
            },
            "start": {
              "column": 12,
              "line": 3
            }
          }
        },
        "match_content": "ghp_XIxB7KMNdAr3zqWtQqhE94qglHqOzn1D1stg",
        "provenance": [
          {
            "kind": "file",
            "path": "<ROOT>/input.txt"
          }
        ],
        "rule_name": "GitHub Personal Access Token",
        "snippet": {
          "after": "\n",
          "before": "# This is fake configuration data\nUSERNAME=the_dude\nGITHUB_KEY=",
          "matching": "ghp_XIxB7KMNdAr3zqWtQqhE94qglHqOzn1D1stg"
        }
      }
    ],
    "num_matches": 1,
    "rule_name": "GitHub Personal Access Token",
    "status": null,
    "type": "finding"
  }
]
