---
source: tests/test_noseyparker_github.rs
expression: stderr
---
Error: Failed to enumerate GitHub repositories

Caused by:
    0: error making request: HTTP status client error (401 Unauthorized) for url (https://api.github.com/rate_limit)
    1: HTTP status client error (401 Unauthorized) for url (https://api.github.com/rate_limit)

