---
source: crates/noseyparker-cli/tests/scan/snippet_length/mod.rs
expression: stdout
---
Finding 1/1: GitHub Personal Access Token
Match: ghp_XIxB7KMNdAr3zqWtQqhE94qglHqOzn1D1stg

    Occurrence 1/1
    File:  <FILENAME>
    Blob:  <BLOB>
    Lines: 30:12-30:51

        dude
        GITHUB_KEY=ghp_XIxB7KMNdAr3zqWtQqhE94qglHqOzn1D1stg

        function lorem



