---
source: crates/noseyparker-cli/tests/scan/appmaker/mod.rs
expression: read_json(report_json.path()).unwrap()
---
[
  {
    "comment": null,
    "finding_id": "4b68f1a2eebf34b00aee81bd944e3403921b8cce",
    "groups": [
      "QUtJQUpVWlBMVE5NWTJKU1hMWUE=",
      "RHZIeEhMTXNPMGZTbk5xSTgyZWZxNHNPOFFlZmRNU3ozbDJxMlhrMQ=="
    ],
    "matches": [
      {
        "blob_id": "fba046509dc93ea42e3be8bf0f8bd181ae3ddb20",
        "blob_metadata": {
          "charset": null,
          "id": "fba046509dc93ea42e3be8bf0f8bd181ae3ddb20",
          "mime_essence": null,
          "num_bytes": 523
        },
        "comment": null,
        "groups": [
          "QUtJQUpVWlBMVE5NWTJKU1hMWUE=",
          "RHZIeEhMTXNPMGZTbk5xSTgyZWZxNHNPOFFlZmRNU3ozbDJxMlhrMQ=="
        ],
        "location": {
          "offset_span": {
            "end": 455,
            "start": 357
          },
          "source_span": {
            "end": {
              "column": 0,
              "line": 12
            },
            "start": {
              "column": 8,
              "line": 9
            }
          }
        },
        "provenance": [
          {
            "first_commit": {
              "blob_path": "my.env",
              "commit_metadata": {
                "author_email": "david.ascher@gmail.com",
                "author_name": "David Ascher",
                "author_timestamp": "1378126038 +0100",
                "commit_id": "9ba2c5654ef78e49ce0173b81f1bcf8f25fcb36a",
                "committer_email": "david.ascher@gmail.com",
                "committer_name": "David Ascher",
                "committer_timestamp": "1378126038 +0100",
                "message": "fix both 254 and 257\n"
              }
            },
            "kind": "git_repo",
            "repo_path": "<REPO>"
          }
        ],
        "redundant_to": [],
        "rule_name": "AWS API Credentials",
        "rule_structural_id": "39d60c56d8a84ca6ab5999de8fea93657e3cae99",
        "rule_text_id": "np.aws.6",
        "score": null,
        "snippet": {
          "after": "SHARE_URL_PREFIX=https://s3.amazonaws.com/com.mozillalabs.appmaker/\n",
          "before": " a janitor for arrogant rich people; so I clean their computer keyboareds with the toilet brush\nPATH=bin:node_modules/.bin:/usr/local/bin:/usr/bin:/bin\nPORT=5002\nPUBLISH_HOST=appalot.me\nPUBLISH_HOST_PREFIX=http://\nS3_BUCKET=com.mozillalabs.appmaker\nS3_KEY=",
          "matching": "AKIAJUZPLTNMY2JSXLYA\nS3_OBJECT_PREFIX=flathead\nS3_SECRET=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\n"
        },
        "status": null,
        "structural_id": "4514a0252fd7c1d2b57d1e2c8ca9e38cded33685"
      }
    ],
    "mean_score": null,
    "num_matches": 1,
    "num_redundant_matches": 0,
    "rule_name": "AWS API Credentials",
    "rule_structural_id": "39d60c56d8a84ca6ab5999de8fea93657e3cae99",
    "rule_text_id": "np.aws.6",
    "statuses": []
  },
  {
    "comment": null,
    "finding_id": "384ff44ebe6409d664f0d31189828b2e5ffbf45b",
    "groups": [
      "QUtJQUpFRVVPU0pYWUIyQktMTUE="
    ],
    "matches": [
      {
        "blob_id": "4355c1c85f858cb4e2737b543ab87007ff71f48a",
        "blob_metadata": {
          "charset": null,
          "id": "4355c1c85f858cb4e2737b543ab87007ff71f48a",
          "mime_essence": null,
          "num_bytes": 1299
        },
        "comment": null,
        "groups": [
          "QUtJQUpFRVVPU0pYWUIyQktMTUE="
        ],
        "location": {
          "offset_span": {
            "end": 193,
            "start": 173
          },
          "source_span": {
            "end": {
              "column": 193,
              "line": 1
            },
            "start": {
              "column": 174,
              "line": 1
            }
          }
        },
        "provenance": [
          {
            "first_commit": {
              "blob_path": "tmp.env",
              "commit_metadata": {
                "author_email": "david.ascher@gmail.com",
                "author_name": "David Ascher",
                "author_timestamp": "1384157507 -0800",
                "commit_id": "efda07fbb9e3a2c172f07e441c29b6988f90fe2f",
                "committer_email": "david.ascher@gmail.com",
                "committer_name": "David Ascher",
                "committer_timestamp": "1384157507 -0800",
                "message": "cleanup\n"
              }
            },
            "kind": "git_repo",
            "repo_path": "<REPO>"
          }
        ],
        "redundant_to": [],
        "rule_name": "AWS API Key",
        "rule_structural_id": "1e4113c48323df7405840eede9a2be89a9797520",
        "rule_text_id": "np.aws.1",
        "score": null,
        "snippet": {
          "after": "\",\"Apple_PubSub_Socket_Render\":\"/tmp/launch-rHzB0S/Render\",\"TERM_PROGRAM_VERSION\":\"326\",\"TERM_SESSION_ID\":\"C99AE63D-8AC8-40EC-9A43-7C14ACEBE413\",\"ANT_HOME\":\"/usr/local/etc/ant\",\"CMD_DURATION\":\"1m 22.1s\",\"USER\":\"davida\",\"SSH_AUTH_SOCK\":\"/tmp/launch-W9AsCX/L",
          "before": "{\"TERM_PROGRAM\":\"Apple_Terminal\",\"TERM\":\"xterm-256color\",\"SHELL\":\"/usr/local/bin/fish\",\"CLICOLOR\":\"1\",\"TMPDIR\":\"/var/folders/xj/5v3cc4y9039fx_fhk67bvg8w0000gn/T/\",\"AWS_ID\":\"",
          "matching": "AKIAJEEUOSJXYB2BKLMA"
        },
        "status": null,
        "structural_id": "54871c4ee7ca7aa5c101acccaa2928bfc9bbd93e"
      }
    ],
    "mean_score": null,
    "num_matches": 1,
    "num_redundant_matches": 0,
    "rule_name": "AWS API Key",
    "rule_structural_id": "1e4113c48323df7405840eede9a2be89a9797520",
    "rule_text_id": "np.aws.1",
    "statuses": []
  },
  {
    "comment": null,
    "finding_id": "1d29e95e861d51ce67b64ca481653a1800b860fe",
    "groups": [
      "QUtJQUpRTkYzQklQRURSNk1YRUE="
    ],
    "matches": [
      {
        "blob_id": "71ac8729b311757bcbf46e33219ea38723dcb717",
        "blob_metadata": {
          "charset": null,
          "id": "71ac8729b311757bcbf46e33219ea38723dcb717",
          "mime_essence": null,
          "num_bytes": 1087
        },
        "comment": null,
        "groups": [
          "QUtJQUpRTkYzQklQRURSNk1YRUE="
        ],
        "location": {
          "offset_span": {
            "end": 680,
            "start": 660
          },
          "source_span": {
            "end": {
              "column": 680,
              "line": 1
            },
            "start": {
              "column": 661,
              "line": 1
            }
          }
        },
        "provenance": [
          {
            "first_commit": {
              "blob_path": "tmp.env",
              "commit_metadata": {
                "author_email": "david.ascher@gmail.com",
                "author_name": "David Ascher",
                "author_timestamp": "1384160012 -0800",
                "commit_id": "6ea21730dd131fd3bc315d19953761e2cd7bac07",
                "committer_email": "david.ascher@gmail.com",
                "committer_name": "David Ascher",
                "committer_timestamp": "1384160012 -0800",
                "message": "debugging statsd\n"
              }
            },
            "kind": "git_repo",
            "repo_path": "<REPO>"
          }
        ],
        "redundant_to": [],
        "rule_name": "AWS API Key",
        "rule_structural_id": "1e4113c48323df7405840eede9a2be89a9797520",
        "rule_text_id": "np.aws.1",
        "score": null,
        "snippet": {
          "after": "\",\"PWD\":\"/Users/davida/src/appmaker\",\"LANG\":\"en_CA.UTF-8\",\"PUBLISH_URL_PREFIX\":\"XXX\",\"HOME\":\"/Users/davida\",\"SHLVL\":\"2\",\"LOGNAME\":\"davida\",\"S3_BUCKET\":\"com.mozillalabs.appmaker\",\"COOKIE_SECRET\":\"I hate working as a janitor for arrogant rich people; so I cl",
          "before": "S3U+qflQBzMNZ3TqlsXsrqBfA12wcidr5jLQ\",\"S3_OBJECT_PREFIX\":\"flathead\",\"SSH_AUTH_SOCK\":\"/tmp/launch-W9AsCX/Listeners\",\"__CF_USER_TEXT_ENCODING\":\"0x1F5:0:0\",\"PATH\":\"/usr/bin:/bin:/usr/local/bin:/usr/X11R6/bin\",\"__CHECKFIX1436934\":\"1\",\"ASSET_HOST\":\"\",\"S3_KEY\":\"",
          "matching": "AKIAJQNF3BIPEDR6MXEA"
        },
        "status": null,
        "structural_id": "1eef0046f69ca10f4057f74d39ed4a44edd5c4be"
      }
    ],
    "mean_score": null,
    "num_matches": 1,
    "num_redundant_matches": 0,
    "rule_name": "AWS API Key",
    "rule_structural_id": "1e4113c48323df7405840eede9a2be89a9797520",
    "rule_text_id": "np.aws.1",
    "statuses": []
  },
  {
    "comment": null,
    "finding_id": "812243c9b73e6798275802bf5dc253f0bae6a309",
    "groups": [
      "czMtdXMtd2VzdC0yLmFtYXpvbmF3cy5jb20vbWFrZXJzdHJhcA=="
    ],
    "matches": [
      {
        "blob_id": "d7d205ed74db3e8764f11224906ff71052262710",
        "blob_metadata": {
          "charset": null,
          "id": "d7d205ed74db3e8764f11224906ff71052262710",
          "mime_essence": "text/html",
          "num_bytes": 4051
        },
        "comment": null,
        "groups": [
          "czMtdXMtd2VzdC0yLmFtYXpvbmF3cy5jb20vbWFrZXJzdHJhcA=="
        ],
        "location": {
          "offset_span": {
            "end": 249,
            "start": 210
          },
          "source_span": {
            "end": {
              "column": 60,
              "line": 7
            },
            "start": {
              "column": 22,
              "line": 7
            }
          }
        },
        "provenance": [
          {
            "first_commit": {
              "blob_path": "public/vendor/webmaker-auth-client/example/index.html",
              "commit_metadata": {
                "author_email": "cade@mozillafoundation.org",
                "author_name": "Christopher De Cairos",
                "author_timestamp": "1400860516 -0400",
                "commit_id": "93a0d0b65978bb3b364f7494e28c187c363c4a73",
                "committer_email": "cade@mozillafoundation.org",
                "committer_name": "Christopher De Cairos",
                "committer_timestamp": "1400860516 -0400",
                "message": "(Issue #1177) This is why we don't commit symbolic links\n"
              }
            },
            "kind": "git_repo",
            "repo_path": "<REPO>"
          }
        ],
        "redundant_to": [],
        "rule_name": "AWS S3 Bucket",
        "rule_structural_id": "a09eba269cc7230d53713d75a4c04a5bad6044a5",
        "rule_text_id": "np.s3.2",
        "score": null,
        "snippet": {
          "after": "makerstrap.complete.min.css\" rel=\"stylesheet\">\n  <link href=\"../create-user/create-user-form.css\" rel=\"stylesheet\">\n</head>\n<body>\n\n  <!-- Modal -->\n<div\n  class=\"modal fade\"\n  id=\"webmaker-login-new-user\"\n  tabindex=\"-1\"\n  role=\"dialog\"\n  aria-labelledby=",
          "before": "<!doctype html>\n<html lang=\"en\">\n<head>\n  <meta name=\"viewport\" content=\"width=device-width, initial-scale=1.0, user-scalable=no\">\n  <meta charset=\"utf-8\">\n  <title>Persona example</title>\n  <link href=\"https:/",
          "matching": "/s3-us-west-2.amazonaws.com/makerstrap/"
        },
        "status": null,
        "structural_id": "0297f3cad50dec88eb2c749791944380a7a3788c"
      }
    ],
    "mean_score": null,
    "num_matches": 1,
    "num_redundant_matches": 0,
    "rule_name": "AWS S3 Bucket",
    "rule_structural_id": "a09eba269cc7230d53713d75a4c04a5bad6044a5",
    "rule_text_id": "np.s3.2",
    "statuses": []
  },
  {
    "comment": null,
    "finding_id": "04c5e5a446dfdf78849217ac2c4662aea584f867",
    "groups": [
      "czMuYW1hem9uYXdzLmNvbS9jb20ubW96aWxsYWxhYnMuYXBwbWFrZXI="
    ],
    "matches": [
      {
        "blob_id": "1050811ad6d53febece71e56c284f91deecf38ce",
        "blob_metadata": {
          "charset": null,
          "id": "1050811ad6d53febece71e56c284f91deecf38ce",
          "mime_essence": "text/html",
          "num_bytes": 4145
        },
        "comment": null,
        "groups": [
          "czMuYW1hem9uYXdzLmNvbS9jb20ubW96aWxsYWxhYnMuYXBwbWFrZXI="
        ],
        "location": {
          "offset_span": {
            "end": 1194,
            "start": 1151
          },
          "source_span": {
            "end": {
              "column": 90,
              "line": 23
            },
            "start": {
              "column": 48,
              "line": 23
            }
          }
        },
        "provenance": [
          {
            "first_commit": {
              "blob_path": "public/start.html",
              "commit_metadata": {
                "author_email": "secretrobotron@gmail.com",
                "author_name": "secretrobotron",
                "author_timestamp": "1403023494 -0400",
                "commit_id": "ad1a555a827707a18a81f248cb30966a657fb89f",
                "committer_email": "secretrobotron@gmail.com",
                "committer_name": "secretrobotron",
                "committer_timestamp": "1403023494 -0400",
                "message": "removed appalot.me from iframe urls on start page\n"
              }
            },
            "kind": "git_repo",
            "repo_path": "<REPO>"
          }
        ],
        "redundant_to": [],
        "rule_name": "AWS S3 Bucket",
        "rule_structural_id": "a09eba269cc7230d53713d75a4c04a5bad6044a5",
        "rule_text_id": "np.s3.2",
        "score": null,
        "snippet": {
          "after": "flathead/succinct-tub-861/app\"></iframe></div>\n          <p>Use a handful of instruments and a sequencer to create some musical noise!</p>\n        </li>\n        <li>\n          <h2>Draw with Friends</h2>\n          <div class=\"links\"><a href=\"http://screechi",
          "before": "   <div class=\"links\"><a href=\"http://succinct-tub-861.appalot.me/install\">Install</a> <a href=\"https://apps.webmaker.org/designer?remix=http%253A%252F%252Fsuccinct-tub-861.appalot.me%252Fapp\">Remix</a></div>\n          <div class=\"app\"><iframe src=\"https:/",
          "matching": "/s3.amazonaws.com/com.mozillalabs.appmaker/"
        },
        "status": null,
        "structural_id": "b465f491912d3abf8c5a1ba3d4a2456fccea1671"
      },
      {
        "blob_id": "1050811ad6d53febece71e56c284f91deecf38ce",
        "blob_metadata": {
          "charset": null,
          "id": "1050811ad6d53febece71e56c284f91deecf38ce",
          "mime_essence": "text/html",
          "num_bytes": 4145
        },
        "comment": null,
        "groups": [
          "czMuYW1hem9uYXdzLmNvbS9jb20ubW96aWxsYWxhYnMuYXBwbWFrZXI="
        ],
        "location": {
          "offset_span": {
            "end": 1711,
            "start": 1668
          },
          "source_span": {
            "end": {
              "column": 90,
              "line": 29
            },
            "start": {
              "column": 48,
              "line": 29
            }
          }
        },
        "provenance": [
          {
            "first_commit": {
              "blob_path": "public/start.html",
              "commit_metadata": {
                "author_email": "secretrobotron@gmail.com",
                "author_name": "secretrobotron",
                "author_timestamp": "1403023494 -0400",
                "commit_id": "ad1a555a827707a18a81f248cb30966a657fb89f",
                "committer_email": "secretrobotron@gmail.com",
                "committer_name": "secretrobotron",
                "committer_timestamp": "1403023494 -0400",
                "message": "removed appalot.me from iframe urls on start page\n"
              }
            },
            "kind": "git_repo",
            "repo_path": "<REPO>"
          }
        ],
        "redundant_to": [],
        "rule_name": "AWS S3 Bucket",
        "rule_structural_id": "a09eba269cc7230d53713d75a4c04a5bad6044a5",
        "rule_text_id": "np.s3.2",
        "score": null,
        "snippet": {
          "after": "flathead/screeching-north-733/app\"></iframe></div>\n          <p>Draw and share your creativity with a group of friends!</p>\n        </li>\n        <li>\n          <h2>Track Progress</h2>\n          <div class=\"links\"><a href=\"http://wicked-animal-644.appalot.",
          "before": "class=\"links\"><a href=\"http://screeching-north-733.appalot.me/install\">Install</a> <a href=\"https://apps.webmaker.org/designer?remix=http%253A%252F%252Fscreeching-north-733.appalot.me%252Fapp\">Remix</a></div>\n          <div class=\"app\"><iframe src=\"https:/",
          "matching": "/s3.amazonaws.com/com.mozillalabs.appmaker/"
        },
        "status": null,
        "structural_id": "a41a24d35dee031112649771482d662d1b434df9"
      },
      {
        "blob_id": "1050811ad6d53febece71e56c284f91deecf38ce",
        "blob_metadata": {
          "charset": null,
          "id": "1050811ad6d53febece71e56c284f91deecf38ce",
          "mime_essence": "text/html",
          "num_bytes": 4145
        },
        "comment": null,
        "groups": [
          "czMuYW1hem9uYXdzLmNvbS9jb20ubW96aWxsYWxhYnMuYXBwbWFrZXI="
        ],
        "location": {
          "offset_span": {
            "end": 2204,
            "start": 2161
          },
          "source_span": {
            "end": {
              "column": 90,
              "line": 35
            },
            "start": {
              "column": 48,
              "line": 35
            }
          }
        },
        "provenance": [
          {
            "first_commit": {
              "blob_path": "public/start.html",
              "commit_metadata": {
                "author_email": "secretrobotron@gmail.com",
                "author_name": "secretrobotron",
                "author_timestamp": "1403023494 -0400",
                "commit_id": "ad1a555a827707a18a81f248cb30966a657fb89f",
                "committer_email": "secretrobotron@gmail.com",
                "committer_name": "secretrobotron",
                "committer_timestamp": "1403023494 -0400",
                "message": "removed appalot.me from iframe urls on start page\n"
              }
            },
            "kind": "git_repo",
            "repo_path": "<REPO>"
          }
        ],
        "redundant_to": [],
        "rule_name": "AWS S3 Bucket",
        "rule_structural_id": "a09eba269cc7230d53713d75a4c04a5bad6044a5",
        "rule_text_id": "np.s3.2",
        "score": null,
        "snippet": {
          "after": "flathead/wicked-animal-644/app\"></iframe></div>\n          <p>Count progress toward a personal goal, event attendees, or any other target.</p>\n        </li>\n        <li>\n          <h2>Play Hot Potato</h2>\n          <div class=\"links\"><a href=\"http://enchant",
          "before": " <div class=\"links\"><a href=\"http://wicked-animal-644.appalot.me/install\">Install</a> <a href=\"https://apps.webmaker.org/designer?remix=http%253A%252F%252Fwicked-animal-644.appalot.me%252Fapp\">Remix</a></div>\n          <div class=\"app\"><iframe src=\"https:/",
          "matching": "/s3.amazonaws.com/com.mozillalabs.appmaker/"
        },
        "status": null,
        "structural_id": "8945f4ac6d3fc767036791a25d151da252914c8f"
      }
    ],
    "mean_score": null,
    "num_matches": 11,
    "num_redundant_matches": 0,
    "rule_name": "AWS S3 Bucket",
    "rule_structural_id": "a09eba269cc7230d53713d75a4c04a5bad6044a5",
    "rule_text_id": "np.s3.2",
    "statuses": []
  },
  {
    "comment": null,
    "finding_id": "5b47f61f8e648e78fe25514911cce81bb8a1b3d0",
    "groups": [
      "czMuYW1hem9uYXdzLmNvbS9saXN0anM="
    ],
    "matches": [
      {
        "blob_id": "6912d7937b568c516cd64d13091b80082eaea1ef",
        "blob_metadata": {
          "charset": null,
          "id": "6912d7937b568c516cd64d13091b80082eaea1ef",
          "mime_essence": "text/markdown",
          "num_bytes": 4280
        },
        "comment": null,
        "groups": [
          "czMuYW1hem9uYXdzLmNvbS9saXN0anM="
        ],
        "location": {
          "offset_span": {
            "end": 267,
            "start": 242
          },
          "source_span": {
            "end": {
              "column": 43,
              "line": 6
            },
            "start": {
              "column": 19,
              "line": 6
            }
          }
        },
        "provenance": [
          {
            "first_commit": {
              "blob_path": "public/vendor/listjs/README.md",
              "commit_metadata": {
                "author_email": "cade@mozillafoundation.org",
                "author_name": "Christopher De Cairos",
                "author_timestamp": "1400253402 -0400",
                "commit_id": "fd18bf20a0bdf437cf5af3ce7bf3b8d998fb30c5",
                "committer_email": "cade@mozillafoundation.org",
                "committer_name": "Christopher De Cairos",
                "committer_timestamp": "1400789046 -0400",
                "message": "(Issue #1177) WebmakerAuth related vendor changes\n"
              }
            },
            "kind": "git_repo",
            "repo_path": "<REPO>"
          }
        ],
        "redundant_to": [],
        "rule_name": "AWS S3 Bucket",
        "rule_structural_id": "a09eba269cc7230d53713d75a4c04a5bad6044a5",
        "rule_text_id": "np.s3.2",
        "score": null,
        "snippet": {
          "after": "donate-coffee.png)](https://www.paypal.com/cgi-bin/webscr?cmd=_s-xclick&hosted_button_id=M7ZGHV75VSD2E)\n\n### Core idea\n- Simple and invisible\n- Easy to apply to existing HTML\n- No dependencies\n- Fast\n- Small\n- Handle thousands of items\n\n### Features\n- Work",
          "before": "# List.js\nPerfect library for adding **search**, **sort**, **filters** and **flexibility** to\n**tables**, **lists** and various HTML elements. Built to be invisible and work on existing HTML.\nReally simple and easy to use!\n\n[![Donate](https:/",
          "matching": "/s3.amazonaws.com/listjs/"
        },
        "status": null,
        "structural_id": "644713469f051b00b91b3ed99bea604379f6b0df"
      }
    ],
    "mean_score": null,
    "num_matches": 1,
    "num_redundant_matches": 0,
    "rule_name": "AWS S3 Bucket",
    "rule_structural_id": "a09eba269cc7230d53713d75a4c04a5bad6044a5",
    "rule_text_id": "np.s3.2",
    "statuses": []
  },
  {
    "comment": null,
    "finding_id": "fe4b0e621a687a00659f6f69fc5f85a5b38bc177",
    "groups": [
      "RCthTGNjY0xySGJkV3RDbk43NU1LSTdObWI5TlpRSFo1Y1N4d09vbQ=="
    ],
    "matches": [
      {
        "blob_id": "4355c1c85f858cb4e2737b543ab87007ff71f48a",
        "blob_metadata": {
          "charset": null,
          "id": "4355c1c85f858cb4e2737b543ab87007ff71f48a",
          "mime_essence": null,
          "num_bytes": 1299
        },
        "comment": null,
        "groups": [
          "RCthTGNjY0xySGJkV3RDbk43NU1LSTdObWI5TlpRSFo1Y1N4d09vbQ=="
        ],
        "location": {
          "offset_span": {
            "end": 1188,
            "start": 1134
          },
          "source_span": {
            "end": {
              "column": 1188,
              "line": 1
            },
            "start": {
              "column": 1135,
              "line": 1
            }
          }
        },
        "provenance": [
          {
            "first_commit": {
              "blob_path": "tmp.env",
              "commit_metadata": {
                "author_email": "david.ascher@gmail.com",
                "author_name": "David Ascher",
                "author_timestamp": "1384157507 -0800",
                "commit_id": "efda07fbb9e3a2c172f07e441c29b6988f90fe2f",
                "committer_email": "david.ascher@gmail.com",
                "committer_name": "David Ascher",
                "committer_timestamp": "1384157507 -0800",
                "message": "cleanup\n"
              }
            },
            "kind": "git_repo",
            "repo_path": "<REPO>"
          }
        ],
        "redundant_to": [],
        "rule_name": "AWS Secret Access Key",
        "rule_structural_id": "faaf86b6ca922630c4bf6425ee7fb688410c490b",
        "rule_text_id": "np.aws.2",
        "score": null,
        "snippet": {
          "after": ",\"DISPLAY\":\"/tmp/launch-xo2Dks/org.macosforge.xquartz:0\",\"SECURITYSESSIONID\":\"186a4\",\"_\":\"/usr/local/bin/node\"}",
          "before": "Frameworks/JavaVM.framework/Versions/1.6/Home\",\"LANG\":\"en_CA.UTF-8\",\"BING_APP_ID\":\"yX/AEjX7Iz6zSSDo+rvTxDCvTEjuQDGC+fNdVgk6bZs=\",\"SHLVL\":\"2\",\"HOME\":\"/Users/davida\",\"PYTHONPATH\":\"/Users/davida/lib/python2.6/site-packages:\",\"LOGNAME\":\"davida\",\"PORT\":\"1234\",\"",
          "matching": "AWS_SECRET\":\"D+aLcccLrHbdWtCnN75MKI7Nmb9NZQHZ5cSxwOom\""
        },
        "status": null,
        "structural_id": "e1a3b707cde4fc2e1c0a6347711b4ca3031a9dbe"
      }
    ],
    "mean_score": null,
    "num_matches": 1,
    "num_redundant_matches": 0,
    "rule_name": "AWS Secret Access Key",
    "rule_structural_id": "faaf86b6ca922630c4bf6425ee7fb688410c490b",
    "rule_text_id": "np.aws.2",
    "statuses": []
  },
  {
    "comment": null,
    "finding_id": "0345dfb8b4a1403ab0026c10a4b94344f07edd4b",
    "groups": [
      "YXJuOmF3czpzMzo6OlhYWFhYWFhYLVhYWFgtWFhYWC1YWFhYLVhYWFhYWFhYWFhYWA=="
    ],
    "matches": [
      {
        "blob_id": "2ee7ed9ab4ed6f9109f3c6121cc42bb55a83b08f",
        "blob_metadata": {
          "charset": null,
          "id": "2ee7ed9ab4ed6f9109f3c6121cc42bb55a83b08f",
          "mime_essence": "text/markdown",
          "num_bytes": 5456
        },
        "comment": null,
        "groups": [
          "YXJuOmF3czpzMzo6OlhYWFhYWFhYLVhYWFgtWFhYWC1YWFhYLVhYWFhYWFhYWFhYWA=="
        ],
        "location": {
          "offset_span": {
            "end": 4527,
            "start": 4477
          },
          "source_span": {
            "end": {
              "column": 71,
              "line": 78
            },
            "start": {
              "column": 22,
              "line": 78
            }
          }
        },
        "provenance": [
          {
            "first_commit": {
              "blob_path": "public/vendor/bootstrap/test-infra/README.md",
              "commit_metadata": {
                "author_email": "jon@jbuckley.ca",
                "author_name": "Jon Buckley",
                "author_timestamp": "1415394133 -0500",
                "commit_id": "26d7daeb6c9f2bf87d62369ab33fdfaf81cc81a2",
                "committer_email": "jon@jbuckley.ca",
                "committer_name": "Jon Buckley",
                "committer_timestamp": "1415398838 -0500",
                "message": "Bug 1091261 - Dependencies for login 3.0\n"
              }
            },
            "kind": "git_repo",
            "repo_path": "<REPO>"
          },
          {
            "first_commit": {
              "blob_path": "public/vendor/bootstrap/test-infra/README.md",
              "commit_metadata": {
                "author_email": "mikelarssonftw@gmail.com",
                "author_name": "Mike Larsson",
                "author_timestamp": "1403203651 -0400",
                "commit_id": "ac87d310f949a883efa99499a5446242afac0c6a",
                "committer_email": "mikelarssonftw@gmail.com",
                "committer_name": "Mike Larsson",
                "committer_timestamp": "1403273973 -0400",
                "message": "Add makerstrap to project\n"
              }
            },
            "kind": "git_repo",
            "repo_path": "<REPO>"
          }
        ],
        "redundant_to": [],
        "rule_name": "Amazon Resource Name",
        "rule_structural_id": "9b6dbcab66d56d9b6b9b3abbe3269f0eefcfd7da",
        "rule_text_id": "np.arn.1",
        "score": null,
        "snippet": {
          "after": ",\n                    \"arn:aws:s3:::XXXXXXXX-XXXX-XXXX-XXXX-XXXXXXXXXXXX/*\"\n                ]\n            }\n        ]\n    }\n    ```\n\n12. If you want deletion from the cache to be done automatically based on age (like Bootstrap does): In the bucket's Proper",
          "before": "             \"s3:ListBucket\",\n                    \"s3:DeleteObject\",\n                    \"s3:DeleteObjectVersion\",\n                    \"s3:GetObject\",\n                    \"s3:PutObject\"\n                ],\n                \"Resource\": [\n                    \"",
          "matching": "arn:aws:s3:::XXXXXXXX-XXXX-XXXX-XXXX-XXXXXXXXXXXX\""
        },
        "status": null,
        "structural_id": "9ed338d30422a5e825ec5f3c8c027247fca7cea1"
      }
    ],
    "mean_score": null,
    "num_matches": 1,
    "num_redundant_matches": 0,
    "rule_name": "Amazon Resource Name",
    "rule_structural_id": "9b6dbcab66d56d9b6b9b3abbe3269f0eefcfd7da",
    "rule_text_id": "np.arn.1",
    "statuses": []
  },
  {
    "comment": null,
    "finding_id": "6f14c9aa34c1bd0a2eb34669d4aa4accda6d1e14",
    "groups": [
      "YXJuOmF3czpzMzo6OlhYWFhYWFhYLVhYWFgtWFhYWC1YWFhYLVhYWFhYWFhYWFhYWC8q"
    ],
    "matches": [
      {
        "blob_id": "2ee7ed9ab4ed6f9109f3c6121cc42bb55a83b08f",
        "blob_metadata": {
          "charset": null,
          "id": "2ee7ed9ab4ed6f9109f3c6121cc42bb55a83b08f",
          "mime_essence": "text/markdown",
          "num_bytes": 5456
        },
        "comment": null,
        "groups": [
          "YXJuOmF3czpzMzo6OlhYWFhYWFhYLVhYWFgtWFhYWC1YWFhYLVhYWFhYWFhYWFhYWC8q"
        ],
        "location": {
          "offset_span": {
            "end": 4602,
            "start": 4550
          },
          "source_span": {
            "end": {
              "column": 73,
              "line": 79
            },
            "start": {
              "column": 22,
              "line": 79
            }
          }
        },
        "provenance": [
          {
            "first_commit": {
              "blob_path": "public/vendor/bootstrap/test-infra/README.md",
              "commit_metadata": {
                "author_email": "jon@jbuckley.ca",
                "author_name": "Jon Buckley",
                "author_timestamp": "1415394133 -0500",
                "commit_id": "26d7daeb6c9f2bf87d62369ab33fdfaf81cc81a2",
                "committer_email": "jon@jbuckley.ca",
                "committer_name": "Jon Buckley",
                "committer_timestamp": "1415398838 -0500",
                "message": "Bug 1091261 - Dependencies for login 3.0\n"
              }
            },
            "kind": "git_repo",
            "repo_path": "<REPO>"
          },
          {
            "first_commit": {
              "blob_path": "public/vendor/bootstrap/test-infra/README.md",
              "commit_metadata": {
                "author_email": "mikelarssonftw@gmail.com",
                "author_name": "Mike Larsson",
                "author_timestamp": "1403203651 -0400",
                "commit_id": "ac87d310f949a883efa99499a5446242afac0c6a",
                "committer_email": "mikelarssonftw@gmail.com",
                "committer_name": "Mike Larsson",
                "committer_timestamp": "1403273973 -0400",
                "message": "Add makerstrap to project\n"
              }
            },
            "kind": "git_repo",
            "repo_path": "<REPO>"
          }
        ],
        "redundant_to": [],
        "rule_name": "Amazon Resource Name",
        "rule_structural_id": "9b6dbcab66d56d9b6b9b3abbe3269f0eefcfd7da",
        "rule_text_id": "np.arn.1",
        "score": null,
        "snippet": {
          "after": "\n                ]\n            }\n        ]\n    }\n    ```\n\n12. If you want deletion from the cache to be done automatically based on age (like Bootstrap does): In the bucket's Properties pane, in the \"Lifecycle\" section, add a rule to expire/delete files ba",
          "before": "                \"s3:DeleteObjectVersion\",\n                    \"s3:GetObject\",\n                    \"s3:PutObject\"\n                ],\n                \"Resource\": [\n                    \"arn:aws:s3:::XXXXXXXX-XXXX-XXXX-XXXX-XXXXXXXXXXXX\",\n                    \"",
          "matching": "arn:aws:s3:::XXXXXXXX-XXXX-XXXX-XXXX-XXXXXXXXXXXX/*\""
        },
        "status": null,
        "structural_id": "13995d86d2f3069f71a5d752edccbae1892dde01"
      }
    ],
    "mean_score": null,
    "num_matches": 1,
    "num_redundant_matches": 0,
    "rule_name": "Amazon Resource Name",
    "rule_structural_id": "9b6dbcab66d56d9b6b9b3abbe3269f0eefcfd7da",
    "rule_text_id": "np.arn.1",
    "statuses": []
  },
  {
    "comment": null,
    "finding_id": "99cf56092419e7c79c4c755d6c0a9b7ad79276d5",
    "groups": [
      "YXJuOmF3czpzMzo6OnRoZS1idWNrZXQtbmFtZS1nb2VzLWhlcmVg"
    ],
    "matches": [
      {
        "blob_id": "2ee7ed9ab4ed6f9109f3c6121cc42bb55a83b08f",
        "blob_metadata": {
          "charset": null,
          "id": "2ee7ed9ab4ed6f9109f3c6121cc42bb55a83b08f",
          "mime_essence": "text/markdown",
          "num_bytes": 5456
        },
        "comment": null,
        "groups": [
          "YXJuOmF3czpzMzo6OnRoZS1idWNrZXQtbmFtZS1nb2VzLWhlcmVg"
        ],
        "location": {
          "offset_span": {
            "end": 3403,
            "start": 3363
          },
          "source_span": {
            "end": {
              "column": 0,
              "line": 54
            },
            "start": {
              "column": 92,
              "line": 53
            }
          }
        },
        "provenance": [
          {
            "first_commit": {
              "blob_path": "public/vendor/bootstrap/test-infra/README.md",
              "commit_metadata": {
                "author_email": "jon@jbuckley.ca",
                "author_name": "Jon Buckley",
                "author_timestamp": "1415394133 -0500",
                "commit_id": "26d7daeb6c9f2bf87d62369ab33fdfaf81cc81a2",
                "committer_email": "jon@jbuckley.ca",
                "committer_name": "Jon Buckley",
                "committer_timestamp": "1415398838 -0500",
                "message": "Bug 1091261 - Dependencies for login 3.0\n"
              }
            },
            "kind": "git_repo",
            "repo_path": "<REPO>"
          },
          {
            "first_commit": {
              "blob_path": "public/vendor/bootstrap/test-infra/README.md",
              "commit_metadata": {
                "author_email": "mikelarssonftw@gmail.com",
                "author_name": "Mike Larsson",
                "author_timestamp": "1403203651 -0400",
                "commit_id": "ac87d310f949a883efa99499a5446242afac0c6a",
                "committer_email": "mikelarssonftw@gmail.com",
                "committer_name": "Mike Larsson",
                "committer_timestamp": "1403273973 -0400",
                "message": "Add makerstrap to project\n"
              }
            },
            "kind": "git_repo",
            "repo_path": "<REPO>"
          }
        ],
        "redundant_to": [],
        "rule_name": "Amazon Resource Name",
        "rule_structural_id": "9b6dbcab66d56d9b6b9b3abbe3269f0eefcfd7da",
        "rule_text_id": "np.arn.1",
        "score": null,
        "snippet": {
          "after": "10. In the bucket's Properties pane, in the \"Permissions\" section, click the \"Edit bucket policy\" button.\n11. Input and submit an IAM Policy that grants the user at least read+write rights to the bucket. AWS has a policy generator and some examples to help",
          "before": " *nix machines, you can easily generate a random UUID to use as the bucket name using Python:\n\n    ```bash\n    python -c \"import uuid; print(uuid.uuid4())\"\n    ```\n\n9. Determine and note what your bucket's ARN is. The ARN for an S3 bucket is of the form: `",
          "matching": "arn:aws:s3:::the-bucket-name-goes-here`\n"
        },
        "status": null,
        "structural_id": "d538d338112efb56f72d81ff21a570a23dc245d4"
      }
    ],
    "mean_score": null,
    "num_matches": 1,
    "num_redundant_matches": 0,
    "rule_name": "Amazon Resource Name",
    "rule_structural_id": "9b6dbcab66d56d9b6b9b3abbe3269f0eefcfd7da",
    "rule_text_id": "np.arn.1",
    "statuses": []
  },
  {
    "comment": null,
    "finding_id": "3667958b271fb8c205883602cbf1e666c7ff9b14",
    "groups": [
      "cWZsUUJ6TU5aM1RxbHNYc3JxQmZBMTJ3Y2lkcjVqTFE="
    ],
    "matches": [
      {
        "blob_id": "71ac8729b311757bcbf46e33219ea38723dcb717",
        "blob_metadata": {
          "charset": null,
          "id": "71ac8729b311757bcbf46e33219ea38723dcb717",
          "mime_essence": null,
          "num_bytes": 1087
        },
        "comment": null,
        "groups": [
          "cWZsUUJ6TU5aM1RxbHNYc3JxQmZBMTJ3Y2lkcjVqTFE="
        ],
        "location": {
          "offset_span": {
            "end": 440,
            "start": 391
          },
          "source_span": {
            "end": {
              "column": 440,
              "line": 1
            },
            "start": {
              "column": 392,
              "line": 1
            }
          }
        },
        "provenance": [
          {
            "first_commit": {
              "blob_path": "tmp.env",
              "commit_metadata": {
                "author_email": "david.ascher@gmail.com",
                "author_name": "David Ascher",
                "author_timestamp": "1384160012 -0800",
                "commit_id": "6ea21730dd131fd3bc315d19953761e2cd7bac07",
                "committer_email": "david.ascher@gmail.com",
                "committer_name": "David Ascher",
                "committer_timestamp": "1384160012 -0800",
                "message": "debugging statsd\n"
              }
            },
            "kind": "git_repo",
            "repo_path": "<REPO>"
          }
        ],
        "redundant_to": [],
        "rule_name": "Generic Secret",
        "rule_structural_id": "3a961eccebcf7356ad803ec8e1a711d01801b9d7",
        "rule_text_id": "np.generic.1",
        "score": null,
        "snippet": {
          "after": "\",\"S3_OBJECT_PREFIX\":\"flathead\",\"SSH_AUTH_SOCK\":\"/tmp/launch-W9AsCX/Listeners\",\"__CF_USER_TEXT_ENCODING\":\"0x1F5:0:0\",\"PATH\":\"/usr/bin:/bin:/usr/local/bin:/usr/X11R6/bin\",\"__CHECKFIX1436934\":\"1\",\"ASSET_HOST\":\"\",\"S3_KEY\":\"AKIAJQNF3BIPEDR6MXEA\",\"PWD\":\"/Users/",
          "before": "8w0000gn/T/\",\"Apple_PubSub_Socket_Render\":\"/tmp/launch-rHzB0S/Render\",\"TERM_PROGRAM_VERSION\":\"326\",\"OLDPWD\":\"/Users/davida/src/appmaker\",\"TERM_SESSION_ID\":\"5600EB0F-9A8F-4DF7-BB34-CD3E7CB7408D\",\"COMPONENTS_BASE_URL\":\"//localhost:5000/\",\"USER\":\"davida\",\"S3_",
          "matching": "SECRET\":\"gQUSS3U+qflQBzMNZ3TqlsXsrqBfA12wcidr5jLQ"
        },
        "status": null,
        "structural_id": "413b8615970e7f41b70d5429c1713936aca936b1"
      }
    ],
    "mean_score": null,
    "num_matches": 1,
    "num_redundant_matches": 0,
    "rule_name": "Generic Secret",
    "rule_structural_id": "3a961eccebcf7356ad803ec8e1a711d01801b9d7",
    "rule_text_id": "np.generic.1",
    "statuses": []
  }
]
