---
source: crates/noseyparker-cli/tests/help/mod.rs
expression: stdout
---
Interact with GitHub repositories

Usage: noseyparker github repos [OPTIONS] <COMMAND>

Commands:
  list  List repositories belonging to a specific user or organization
  help  Print this message or the help of the given subcommand(s)

Options:
      --github-api-url <URL>
          Use the specified URL for GitHub API access
          
          If accessing a GitHub Enterprise Server instance, this value should be the entire base URL
          include the `api/v3` portion, e.g., `https://github.example.com/api/v3`.
          
          [default: https://api.github.com/]
          [aliases: api-url]

  -h, --help
          Print help (see a summary with '-h')

Global Options:
  -v, --verbose...
          Enable verbose output
          
          This can be repeated up to 3 times to enable successively more output.

  -q, --quiet
          Suppress non-error feedback messages
          
          This silences WARNING, INFO, DEBUG, and TRACE messages and disables progress bars. This
          overrides any provided verbosity and progress reporting options.

      --color <MODE>
          Enable or disable colored output
          
          When this is "auto", colors are enabled for stdout and stderr when they are terminals.
          
          If the `NO_COLOR` environment variable is set, it takes precedence and is equivalent to
          `--color=never`.
          
          [default: auto]
          [possible values: auto, never, always]

      --progress <MODE>
          Enable or disable progress bars
          
          When this is "auto", progress bars are enabled when stderr is a terminal.
          
          [default: auto]
          [possible values: auto, never, always]

      --ignore-certs
          Ignore validation of TLS certificates

Advanced Global Options:
      --rlimit-nofile <LIMIT>
          Set the rlimit for number of open files to LIMIT
          
          This should not need to be changed from the default unless you run into crashes from
          running out of file descriptors.
          
          [default: 16384]

      --sqlite-cache-size <SIZE>
          Set the cache size for SQLite connections to SIZE
          
          This has the effect of setting SQLite's `pragma cache_size=SIZE`. The default value is set
          to use a maximum of 1GiB for database cache. See
          <https://sqlite.org/pragma.html#pragma_cache_size> for more details.
          
          [default: -1048576]

      --enable-backtraces <BOOL>
          Enable or disable backtraces on panic
          
          This has the effect of setting the `RUST_BACKTRACE` environment variable to 1.
          
          [default: true]
          [possible values: true, false]
