---
source: crates/noseyparker-cli/tests/help/mod.rs
expression: stdout
---
Scan content for secrets

Usage: noseyparker scan [OPTIONS] --datastore <PATH> [INPUT]...

Options:
  -d, --datastore <PATH>        Use the specified datastore [env: NP_DATASTORE=]
  -j, --jobs <N>                Use N parallel scanning jobs [default: DEFAULT]
      --snippet-length <BYTES>  Include up to the specified number of bytes before and after each
                                match [default: 256]
  -r, --rules <PATH>            Use custom rules from the specified file or directory
  -h, --help                    Print help (see more with '--help')

Input Specifier Options:
  [INPUT]...                    Scan the specified file, directory, or local Git repository
      --git-url <URL>               Clone and scan the Git repository at the specified URL
      --github-organization <NAME>  Clone and scan accessible repositories belonging to the
                                    specified GitHub organization [aliases: github-org]
      --github-user <NAME>          Clone and scan accessible repositories belonging to the
                                    specified GitHub user
      --github-api-url <URL>        Use the specified URL for GitHub API access [default:
                                    https://api.github.com/] [aliases: api-url]
      --git-clone-mode <MODE>       Use the specified method for cloning Git repositories [default:
                                    bare] [possible values: bare, mirror]

Content Filtering Options:
      --max-file-size <MEGABYTES>  Do not scan files larger than the specified size [default: 100]
  -i, --ignore <FILE>              Use custom path-based ignore rules from the specified file

Global Options:
  -v, --verbose...       Enable verbose output
      --color <MODE>     Enable or disable colored output [default: auto] [possible values: auto,
                         never, always]
      --progress <MODE>  Enable or disable progress bars [default: auto] [possible values: auto,
                         never, always]

